,Entity,P-value,P-adjust
0,1372,0.02354850918927161,0.11774254594635805
1,16610,0.08512755262079287,0.21281888155198217
2,72665,0.40434649622894775,0.6739108270482462
3,27823,0.6494831059231535,0.752080138459922
4,30915,0.752080138459922,0.752080138459922
